------------------------------------------------------------
TimeQuest Timing Analyzer Summary
------------------------------------------------------------

Type  : Slow 1200mV 85C Model Setup 'clk_50m'
Slack : 13.312
TNS   : 0.000

Type  : Slow 1200mV 85C Model Setup 'clk_net'
Slack : 18.270
TNS   : 0.000

Type  : Slow 1200mV 85C Model Setup 'alt_pll_inst|altpll_component|auto_generated|pll1|clk[0]'
Slack : 29.057
TNS   : 0.000

Type  : Slow 1200mV 85C Model Setup 'cmos_pclk'
Slack : 32.770
TNS   : 0.000

Type  : Slow 1200mV 85C Model Setup 'altera_reserved_tck'
Slack : 41.347
TNS   : 0.000

Type  : Slow 1200mV 85C Model Hold 'cmos_pclk'
Slack : 0.385
TNS   : 0.000

Type  : Slow 1200mV 85C Model Hold 'clk_50m'
Slack : 0.409
TNS   : 0.000

Type  : Slow 1200mV 85C Model Hold 'alt_pll_inst|altpll_component|auto_generated|pll1|clk[0]'
Slack : 0.453
TNS   : 0.000

Type  : Slow 1200mV 85C Model Hold 'altera_reserved_tck'
Slack : 0.453
TNS   : 0.000

Type  : Slow 1200mV 85C Model Hold 'clk_net'
Slack : 0.497
TNS   : 0.000

Type  : Slow 1200mV 85C Model Recovery 'cmos_pclk'
Slack : 35.239
TNS   : 0.000

Type  : Slow 1200mV 85C Model Recovery 'altera_reserved_tck'
Slack : 48.116
TNS   : 0.000

Type  : Slow 1200mV 85C Model Removal 'altera_reserved_tck'
Slack : 1.128
TNS   : 0.000

Type  : Slow 1200mV 85C Model Removal 'cmos_pclk'
Slack : 3.055
TNS   : 0.000

Type  : Slow 1200mV 85C Model Minimum Pulse Width 'clk_50m'
Slack : 9.667
TNS   : 0.000

Type  : Slow 1200mV 85C Model Minimum Pulse Width 'cmos_pclk'
Slack : 19.581
TNS   : 0.000

Type  : Slow 1200mV 85C Model Minimum Pulse Width 'clk_net'
Slack : 19.683
TNS   : 0.000

Type  : Slow 1200mV 85C Model Minimum Pulse Width 'alt_pll_inst|altpll_component|auto_generated|pll1|clk[0]'
Slack : 19.720
TNS   : 0.000

Type  : Slow 1200mV 85C Model Minimum Pulse Width 'altera_reserved_tck'
Slack : 49.440
TNS   : 0.000

Type  : Slow 1200mV 0C Model Setup 'clk_50m'
Slack : 13.736
TNS   : 0.000

Type  : Slow 1200mV 0C Model Setup 'clk_net'
Slack : 18.479
TNS   : 0.000

Type  : Slow 1200mV 0C Model Setup 'alt_pll_inst|altpll_component|auto_generated|pll1|clk[0]'
Slack : 29.670
TNS   : 0.000

Type  : Slow 1200mV 0C Model Setup 'cmos_pclk'
Slack : 33.111
TNS   : 0.000

Type  : Slow 1200mV 0C Model Setup 'altera_reserved_tck'
Slack : 41.907
TNS   : 0.000

Type  : Slow 1200mV 0C Model Hold 'cmos_pclk'
Slack : 0.313
TNS   : 0.000

Type  : Slow 1200mV 0C Model Hold 'clk_50m'
Slack : 0.395
TNS   : 0.000

Type  : Slow 1200mV 0C Model Hold 'alt_pll_inst|altpll_component|auto_generated|pll1|clk[0]'
Slack : 0.401
TNS   : 0.000

Type  : Slow 1200mV 0C Model Hold 'altera_reserved_tck'
Slack : 0.401
TNS   : 0.000

Type  : Slow 1200mV 0C Model Hold 'clk_net'
Slack : 0.447
TNS   : 0.000

Type  : Slow 1200mV 0C Model Recovery 'cmos_pclk'
Slack : 35.591
TNS   : 0.000

Type  : Slow 1200mV 0C Model Recovery 'altera_reserved_tck'
Slack : 48.412
TNS   : 0.000

Type  : Slow 1200mV 0C Model Removal 'altera_reserved_tck'
Slack : 1.028
TNS   : 0.000

Type  : Slow 1200mV 0C Model Removal 'cmos_pclk'
Slack : 2.767
TNS   : 0.000

Type  : Slow 1200mV 0C Model Minimum Pulse Width 'clk_50m'
Slack : 9.672
TNS   : 0.000

Type  : Slow 1200mV 0C Model Minimum Pulse Width 'cmos_pclk'
Slack : 19.431
TNS   : 0.000

Type  : Slow 1200mV 0C Model Minimum Pulse Width 'clk_net'
Slack : 19.594
TNS   : 0.000

Type  : Slow 1200mV 0C Model Minimum Pulse Width 'alt_pll_inst|altpll_component|auto_generated|pll1|clk[0]'
Slack : 19.717
TNS   : 0.000

Type  : Slow 1200mV 0C Model Minimum Pulse Width 'altera_reserved_tck'
Slack : 49.291
TNS   : 0.000

Type  : Fast 1200mV 0C Model Setup 'clk_50m'
Slack : 17.011
TNS   : 0.000

Type  : Fast 1200mV 0C Model Setup 'clk_net'
Slack : 18.793
TNS   : 0.000

Type  : Fast 1200mV 0C Model Setup 'alt_pll_inst|altpll_component|auto_generated|pll1|clk[0]'
Slack : 35.085
TNS   : 0.000

Type  : Fast 1200mV 0C Model Setup 'cmos_pclk'
Slack : 36.852
TNS   : 0.000

Type  : Fast 1200mV 0C Model Setup 'altera_reserved_tck'
Slack : 46.309
TNS   : 0.000

Type  : Fast 1200mV 0C Model Hold 'cmos_pclk'
Slack : 0.137
TNS   : 0.000

Type  : Fast 1200mV 0C Model Hold 'clk_50m'
Slack : 0.144
TNS   : 0.000

Type  : Fast 1200mV 0C Model Hold 'alt_pll_inst|altpll_component|auto_generated|pll1|clk[0]'
Slack : 0.186
TNS   : 0.000

Type  : Fast 1200mV 0C Model Hold 'altera_reserved_tck'
Slack : 0.187
TNS   : 0.000

Type  : Fast 1200mV 0C Model Hold 'clk_net'
Slack : 0.206
TNS   : 0.000

Type  : Fast 1200mV 0C Model Recovery 'cmos_pclk'
Slack : 37.932
TNS   : 0.000

Type  : Fast 1200mV 0C Model Recovery 'altera_reserved_tck'
Slack : 49.313
TNS   : 0.000

Type  : Fast 1200mV 0C Model Removal 'altera_reserved_tck'
Slack : 0.493
TNS   : 0.000

Type  : Fast 1200mV 0C Model Removal 'cmos_pclk'
Slack : 1.332
TNS   : 0.000

Type  : Fast 1200mV 0C Model Minimum Pulse Width 'clk_50m'
Slack : 9.373
TNS   : 0.000

Type  : Fast 1200mV 0C Model Minimum Pulse Width 'clk_net'
Slack : 19.343
TNS   : 0.000

Type  : Fast 1200mV 0C Model Minimum Pulse Width 'cmos_pclk'
Slack : 19.347
TNS   : 0.000

Type  : Fast 1200mV 0C Model Minimum Pulse Width 'alt_pll_inst|altpll_component|auto_generated|pll1|clk[0]'
Slack : 19.797
TNS   : 0.000

Type  : Fast 1200mV 0C Model Minimum Pulse Width 'altera_reserved_tck'
Slack : 49.455
TNS   : 0.000

------------------------------------------------------------
